
Usuario@pepjusn MINGW64 ~
$ cd Documents

Usuario@pepjusn MINGW64 ~/Documents
$ ls
 12022026.txt
 13022026.txt
 14.txt
'Curriculum Deportivo-Alekzander Rivas López.docx'
'MI NIÑA'/
'Mi música'@
'Mis imágenes'@
'Mis vídeos'@
'Modelo microservicios.docx'
'Modelo microservicios.pdf'
'Plantillas personalizadas de Office'/
'Yo Alekzander Rivas López estudiante del CBTis.docx'
 desktop.ini
 folleto.docx
 git/
 personal/
 proyecto/

Usuario@pepjusn MINGW64 ~/Documents
$ cd git

Usuario@pepjusn MINGW64 ~/Documents/git
$ ls
index.html

Usuario@pepjusn MINGW64 ~/Documents/git
$ code.
bash: code.: command not found

Usuario@pepjusn MINGW64 ~/Documents/git
$ code .

Usuario@pepjusn MINGW64 ~/Documents/git
$ git init
Initialized empty Git repository in C:/Users/Usuario/Documents/git/.git/

Usuario@pepjusn MINGW64 ~/Documents/git (master)
$ ls
index.html

Usuario@pepjusn MINGW64 ~/Documents/git (master)
$ ls - la
ls: cannot access '-': No such file or directory
ls: cannot access 'la': No such file or directory

Usuario@pepjusn MINGW64 ~/Documents/git (master)
$ ls -la
total 9
drwxr-xr-x 1 Usuario 197121   0 Feb 13 19:47 ./
drwxr-xr-x 1 Usuario 197121   0 Feb 13 19:24 ../
drwxr-xr-x 1 Usuario 197121   0 Feb 13 19:47 .git/
-rw-r--r-- 1 Usuario 197121 238 Feb 13 19:44 index.html

Usuario@pepjusn MINGW64 ~/Documents/git (master)
$ ls
index.html

Usuario@pepjusn MINGW64 ~/Documents/git (master)
$ git add .

Usuario@pepjusn MINGW64 ~/Documents/git (master)
$ git status
On branch master

No commits yet

Changes to be committed:
  (use "git rm --cached <file>..." to unstage)
        new file:   index.html


Usuario@pepjusn MINGW64 ~/Documents/git (master)
$ git commit -M "Mi primer commit"
error: unknown switch `M'
usage: git commit [-a | --interactive | --patch] [-s] [-v] [-u[<mode>]] [--amend]
                  [--dry-run] [(-c | -C | --squash) <commit> | --fixup [(amend|reword):]<commit>]
                  [-F <file> | -m <msg>] [--reset-author] [--allow-empty]
                  [--allow-empty-message] [--no-verify] [-e] [--author=<author>]
                  [--date=<date>] [--cleanup=<mode>] [--[no-]status]
                  [-i | -o] [--pathspec-from-file=<file> [--pathspec-file-nul]]
                  [(--trailer <token>[(=|:)<value>])...] [-S[<keyid>]]
                  [--] [<pathspec>...]

    -q, --[no-]quiet      suppress summary after successful commit
    -v, --[no-]verbose    show diff in commit message template

Commit message options
    -F, --[no-]file <file>
                          read message from file
    --[no-]author <author>
                          override author for commit
    --[no-]date <date>    override date for commit
    -m, --[no-]message <message>
                          commit message
    -c, --[no-]reedit-message <commit>
                          reuse and edit message from specified commit
    -C, --[no-]reuse-message <commit>
                          reuse message from specified commit
    --[no-]fixup [(amend|reword):]commit
                          use autosquash formatted message to fixup or amend/reword specified commit
    --[no-]squash <commit>
                          use autosquash formatted message to squash specified commit
    --[no-]reset-author   the commit is authored by me now (used with -C/-c/--amend)
    --trailer <trailer>   add custom trailer(s)
    -s, --[no-]signoff    add a Signed-off-by trailer
    -t, --[no-]template <file>
                          use specified template file
    -e, --[no-]edit       force edit of commit
    --[no-]cleanup <mode> how to strip spaces and #comments from message
    --[no-]status         include status in commit message template
    -S, --[no-]gpg-sign[=<key-id>]
                          GPG sign commit

Commit contents options
    -a, --[no-]all        commit all changed files
    -i, --[no-]include    add specified files to index for commit
    --[no-]interactive    interactively add files
    -p, --[no-]patch      interactively add changes
    -U, --unified <n>     generate diffs with <n> lines context
    --inter-hunk-context <n>
                          show context between diff hunks up to the specified number of lines
    -o, --[no-]only       commit only specified files
    -n, --no-verify       bypass pre-commit and commit-msg hooks
    --verify              opposite of --no-verify
    --[no-]dry-run        show what would be committed
    --[no-]short          show status concisely
    --[no-]branch         show branch information
    --[no-]ahead-behind   compute full ahead/behind values
    --[no-]porcelain      machine-readable output
    --[no-]long           show status in long format (default)
    -z, --[no-]null       terminate entries with NUL
    --[no-]amend          amend previous commit
    --no-post-rewrite     bypass post-rewrite hook
    --post-rewrite        opposite of --no-post-rewrite
    -u, --[no-]untracked-files[=<mode>]
                          show untracked files, optional modes: all, normal, no. (Default: all)
    --[no-]pathspec-from-file <file>
                          read pathspec from file
    --[no-]pathspec-file-nul
                          with --pathspec-from-file, pathspec elements are separated with NUL character


Usuario@pepjusn MINGW64 ~/Documents/git (master)
$ git commit -m "Mi primer commit"
Author identity unknown

*** Please tell me who you are.

Run

  git config --global user.email "you@example.com"
  git config --global user.name "Your Name"

to set your account's default identity.
Omit --global to set the identity only in this repository.

fatal: unable to auto-detect email address (got 'Usuario@pepjusn.(none)')

Usuario@pepjusn MINGW64 ~/Documents/git (master)
$ git init
Reinitialized existing Git repository in C:/Users/Usuario/Documents/git/.git/

Usuario@pepjusn MINGW64 ~/Documents/git (master)
$ git add .

Usuario@pepjusn MINGW64 ~/Documents/git (master)
$ git status
On branch master

No commits yet

Changes to be committed:
  (use "git rm --cached <file>..." to unstage)
        new file:   index.html


Usuario@pepjusn MINGW64 ~/Documents/git (master)
$ git branch -M main

Usuario@pepjusn MINGW64 ~/Documents/git (main)
$ git remote add origin https://github.com/lalek5-15047/yo.git

Usuario@pepjusn MINGW64 ~/Documents/git (main)
$ git push -u origin main
error: src refspec main does not match any
error: failed to push some refs to 'https://github.com/lalek5-15047/yo.git'

Usuario@pepjusn MINGW64 ~/Documents/git (main)
$ git config --global user.name Alek

Usuario@pepjusn MINGW64 ~/Documents/git (main)
$ ^C

Usuario@pepjusn MINGW64 ~/Documents/git (main)
$ git config --global user.name
Alek

Usuario@pepjusn MINGW64 ~/Documents/git (main)
$ git config --global user.email alekzanderrivas5@gmail.com

Usuario@pepjusn MINGW64 ~/Documents/git (main)
$ git config --global user.email
alekzanderrivas5@gmail.com

Usuario@pepjusn MINGW64 ~/Documents/git (main)
$ git status
On branch main

No commits yet

Changes to be committed:
  (use "git rm --cached <file>..." to unstage)
        new file:   index.html


Usuario@pepjusn MINGW64 ~/Documents/git (main)
$ git commit -m "Mi primer commit"
[main (root-commit) b4b7beb] Mi primer commit
 1 file changed, 11 insertions(+)
 create mode 100644 index.html

Usuario@pepjusn MINGW64 ~/Documents/git (main)
$ git push -u origin main
info: please complete authentication in your browser...
Enumerating objects: 3, done.
Counting objects: 100% (3/3), done.
Delta compression using up to 4 threads
Compressing objects: 100% (2/2), done.
Writing objects: 100% (3/3), 379 bytes | 379.00 KiB/s, done.
Total 3 (delta 0), reused 0 (delta 0), pack-reused 0 (from 0)
To https://github.com/lalek5-15047/yo.git
 * [new branch]      main -> main
branch 'main' set up to track 'origin/main'.

Usuario@pepjusn MINGW64 ~/Documents/git (main)
$ ls
index.html

Usuario@pepjusn MINGW64 ~/Documents/git (main)
$ touch style.css

Usuario@pepjusn MINGW64 ~/Documents/git (main)
$ ls
index.html  style.css

Usuario@pepjusn MINGW64 ~/Documents/git (main)
$ code .

Usuario@pepjusn MINGW64 ~/Documents/git (main)
$ git add .

Usuario@pepjusn MINGW64 ~/Documents/git (main)
$ git status
On branch main
Your branch is up to date with 'origin/main'.

Changes to be committed:
  (use "git restore --staged <file>..." to unstage)
        modified:   index.html
        new file:   style.css


Usuario@pepjusn MINGW64 ~/Documents/git (main)
$ git commit -m "Se agrego css"
[main e1ab5eb] Se agrego css
 2 files changed, 4 insertions(+)
 create mode 100644 style.css

Usuario@pepjusn MINGW64 ~/Documents/git (main)
$ git push origin main
Enumerating objects: 6, done.
Counting objects: 100% (6/6), done.
Delta compression using up to 4 threads
Compressing objects: 100% (3/3), done.
Writing objects: 100% (4/4), 392 bytes | 196.00 KiB/s, done.
Total 4 (delta 1), reused 0 (delta 0), pack-reused 0 (from 0)
remote: Resolving deltas: 100% (1/1), completed with 1 local object.
To https://github.com/lalek5-15047/yo.git
   b4b7beb..e1ab5eb  main -> main

Usuario@pepjusn MINGW64 ~/Documents/git (main)
$
